---
source: crates/vespertide-exporter/src/tests/mod.rs
expression: rendered
---
from __future__ import annotations

from django.db import models


class Products(models.Model):
    id = models.IntegerField()
    price = models.DecimalField(max_digits=10, decimal_places=2, default=0)

    class Meta:
        db_table = "products"
