---
source: crates/vespertide-exporter/src/tests/mod.rs
assertion_line: 115
expression: rendered
---
export const docStatus = pgEnum("doc_status", ["draft", "published", "archived"]);

export const documents = pgTable("documents", {
  id: integer("id").notNull(),
  status: docStatus("status").notNull(),
  reviewStatus: docStatus("review_status"),
});
