---
source: crates/vespertide-exporter/src/tests/mod.rs
assertion_line: 440
expression: rendered
---
export const article = pgTable("article", {
  id: bigint("id", { mode: "number" }).primaryKey(),
});

export const articleRelations = relations(article, ({ one, many }) => ({
  articleUser: many(articleUser),
}));
