---
source: crates/vespertide-exporter/src/tests/mod.rs
assertion_line: 157
expression: rendered
---
export const withDefaults = pgTable("with_defaults", {
  id: integer("id").primaryKey(),
  createdAt: timestamp("created_at", { withTimezone: true }).notNull().defaultNow(),
  status: text("status").notNull().default("active"),
  count: integer("count").notNull().default(0),
});
