---
source: crates/vespertide-exporter/src/tests/mod.rs
assertion_line: 196
expression: rendered
---
from __future__ import annotations

from django.db import models


class UnnamedIndex(models.Model):
    id = models.IntegerField(primary_key=True)
    col_a = models.IntegerField()
    col_b = models.IntegerField()

    class Meta:
        db_table = "unnamed_index"
        indexes = [
            models.Index(fields=["col_a", "col_b"]),
        ]
