---
source: crates/vespertide-exporter/src/tests/mod.rs
assertion_line: 64
expression: rendered
---
// User accounts table
export const users = pgTable("users", {
  // Primary key
  id: serial("id").primaryKey(),
  // User email address
  email: text("email").notNull().unique("uq_users__email"),
  name: text("name"),
});
