---
source: crates/vespertide-exporter/src/tests/mod.rs
expression: rendered
---
from __future__ import annotations

from django.db import models


class Src(models.Model):
    id = models.IntegerField(primary_key=True)
    a_id = models.IntegerField()
    b_id = models.IntegerField()
    solo = models.ForeignKey("Target", on_delete=models.RESTRICT, db_column="solo", related_name="+")
    # composite foreign key: (a_id, b_id) -> target(a, b)

    class Meta:
        db_table = "src"
