---
source: crates/vespertide-exporter/src/tests/mod.rs
expression: rendered
---
use sea_orm::entity::prelude::*;

#[sea_orm::model]
#[derive(Clone, Debug, PartialEq, Eq, DeriveEntityModel)]
#[sea_orm(table_name = "user_relations")]
pub struct Model {
    #[sea_orm(primary_key)]
    pub id: i32,
    #[sea_orm(column_type = "integer")]
    pub kind: String,
}

vespera::schema_type!(Schema from Model, name = "UserRelationsSchema");
impl ActiveModelBehavior for ActiveModel {}


use sea_orm::entity::prelude::*;

#[sea_orm::model]
#[derive(Clone, Debug, PartialEq, Eq, DeriveEntityModel)]
#[sea_orm(table_name = "user")]
pub struct Model {
    #[sea_orm(primary_key)]
    pub id: i32,
    #[sea_orm(has_many)]
    pub posts: HasMany<super::posts::Entity>,
}

vespera::schema_type!(Schema from Model, name = "UserSchema");
impl ActiveModelBehavior for ActiveModel {}


use sea_orm::entity::prelude::*;

#[sea_orm::model]
#[derive(Clone, Debug, PartialEq, Eq, DeriveEntityModel)]
#[sea_orm(table_name = "sql")]
pub struct Model {
    #[sea_orm(primary_key)]
    pub id: i32,
    pub amount: i32,
}

vespera::schema_type!(Schema from Model, name = "SqlSchema");
impl ActiveModelBehavior for ActiveModel {}


use sea_orm::entity::prelude::*;

#[sea_orm::model]
#[derive(Clone, Debug, PartialEq, Eq, DeriveEntityModel)]
#[sea_orm(table_name = "posts")]
pub struct Model {
    #[sea_orm(primary_key)]
    pub id: i32,
    pub user_id: i32,
    #[sea_orm(belongs_to, from = "user_id", to = "id")]
    pub user: HasOne<super::user::Entity>,
}

vespera::schema_type!(Schema from Model, name = "PostsSchema");
impl ActiveModelBehavior for ActiveModel {}
