---
source: crates/vespertide-exporter/src/tests/mod.rs
assertion_line: 221
expression: rendered
---
from __future__ import annotations

from django.db import models


class UnknownDefaults(models.Model):
    id = models.IntegerField(primary_key=True)
    code = models.TextField()

    class Meta:
        db_table = "unknown_defaults"
