---
source: crates/vespertide-exporter/src/tests/mod.rs
assertion_line: 252
expression: rendered
---
export const accountAliases = pgTable("account_aliases", {
  id: integer("id").primaryKey(),
  tenantId: integer("tenant_id").notNull(),
  slug: text("slug").notNull(),
}, (t) => [
  unique("uq_account_aliases__uq_account_aliases__tenant_slug").on(t.tenantId, t.slug),
]);
