---
source: crates/vespertide-exporter/src/tests/mod.rs
assertion_line: 151
expression: rendered
---
export const jsonStruct = pgTable("json_struct", {
  id: integer("id").notNull(),
  jsonData: json("json_data").notNull(),
  jsonbData: text("jsonb_data") /* JSONB */.notNull(),
  jsonbNullable: text("jsonb_nullable") /* jsonb */,
});
