---
source: crates/vespertide-exporter/src/tests/mod.rs
assertion_line: 348
expression: rendered
---
export const users = pgTable("users", {
  id: integer("id").primaryKey(),
  displayName: text("display_name"),
});

export const usersRelations = relations(users, ({ one, many }) => ({
  posts: many(posts),
}));

export const posts = pgTable("posts", {
  id: integer("id").primaryKey(),
  userId: integer("user_id").notNull(),
  title: text("title").notNull(),
}, (t) => [
  foreignKey({ columns: [t.userId], foreignColumns: [users.id], name: "fk_posts__user_id" }),
]);

export const postsRelations = relations(posts, ({ one, many }) => ({
  user: one(users, { fields: [posts.userId], references: [users.id] }),
}));
