---
source: crates/vespertide-exporter/src/tests/mod.rs
assertion_line: 192
expression: rendered
---
export const events = pgTable("events", {
  id: integer("id").primaryKey(),
  venueId: integer("venue_id").notNull(),
  date: date("date").notNull(),
}, (t) => [
  index("ix_events__date_venue_id").on(t.venueId, t.date),
  uniqueIndex("uq_events__date_venue_id").on(t.venueId, t.date),
]);
