---
source: crates/vespertide-exporter/src/tests/mod.rs
expression: rendered
---
package models

type Parent struct {
	ID1         int32       `gorm:"column:id1;primaryKey" json:"id1"`
	ID2         int32       `gorm:"column:id2;primaryKey" json:"id2"`
	ChildOne    *ChildOne   `gorm:"foreignKey:ParentID1,ParentID2;references:ID1,ID2" json:"-"`
	ChildManies []ChildMany `gorm:"foreignKey:ParentID1,ParentID2;references:ID1,ID2" json:"-"`
}

func (Parent) TableName() string { return "parent" }
