---
source: crates/vespertide-exporter/src/tests/mod.rs
expression: rendered
---
from __future__ import annotations

from django.db import models


class Configs(models.Model):
    id = models.IntegerField(primary_key=True)
    data = models.JSONField()

    class Meta:
        managed = False
        db_table = "configs"
