---
source: crates/vespertide-exporter/src/tests/mod.rs
expression: rendered
---
from __future__ import annotations

from typing import Optional

from sqlalchemy import ForeignKey, Integer
from sqlalchemy.orm import DeclarativeBase, Mapped, mapped_column


class Users(DeclarativeBase):
    __tablename__ = "users"

    id: Mapped[int] = mapped_column(Integer, primary_key=True)

class Posts(DeclarativeBase):
    __tablename__ = "posts"

    id: Mapped[int] = mapped_column(Integer, primary_key=True)
    user_id: Mapped[int] = mapped_column(Integer, ForeignKey("users.id"), nullable=False)

class Comments(DeclarativeBase):
    __tablename__ = "comments"

    id: Mapped[int] = mapped_column(Integer, primary_key=True)
    post_id: Mapped[Optional[int]] = mapped_column(Integer, ForeignKey("posts.id"), nullable=True)
    author_id: Mapped[int] = mapped_column(Integer, ForeignKey("users.id"), nullable=False, server_default="1")
